// Jest Snapshot v1, https://goo.gl/fbAQLP

exports[`RocketsList component renders correctly 1`] = `
<div
  className="main-container"
>
  <div
    className="no-style-black"
  >
    <div
      className="company"
    >
      <h3 />
      <p>
        <a
          href="/"
          onClick={[Function]}
        />
      </p>
      <p>
        Industry:
      </p>
      <p>
        Beta:
      </p>
      <p>
        Price:
      </p>
      <p>
        Last Annual Dividend:
      </p>
      <p>
        Volume:
      </p>
      <p>
        Exchange:
      </p>
      <p>
        Exchange Short Name:
      </p>
      <p>
        Is Etf:
      </p>
      <p>
        Is Actively Trading:
      </p>
      <button
        aria-label="Update company"
        className="btn btn-outline-success"
        disabled={false}
        onClick={[Function]}
        type="button"
      >
        Follow Company
      </button>
      <button
        aria-label="Remove company"
        className="btn btn-outline-danger"
        disabled={false}
        onClick={[Function]}
        type="button"
      >
        Unfollow Company
      </button>
    </div>
  </div>
</div>
`;
