// Jest Snapshot v1, https://goo.gl/fbAQLP

exports[`RocketsList component renders correctly 1`] = `
<div
  className="main-container"
>
  <table
    className="table table-striped table-bordered table-hover"
  >
    <thead>
      <tr>
        <th>
          Company
        </th>
        <th>
          Industry (Sector) 
        </th>
        <th
          className="desktop-only"
        >
          Status
        </th>
        <th>
          Action
        </th>
      </tr>
    </thead>
    <tbody />
  </table>
</div>
`;
