// Jest Snapshot v1, https://goo.gl/fbAQLP

exports[`RocketsList component renders correctly 1`] = `
Array [
  <div>
    <div
      className="home-stats bg-black container-fluid"
    >
      <div
        className="bg-black row"
      >
        <div
          className="map-container mx-auto col-xl-6 col-md-6 col-sm-6 col-6"
        >
          <img
            alt=""
            className=""
            src="spinning-world-2.gif"
          />
        </div>
        <div
          className="home-stats-title col-xl-6 col-md-6 col-sm-6 col-6"
        >
          <h3
            className="bold project-title"
          >
            COMPANIES
          </h3>
          <p
            style={
              Object {
                "alignContent": "left",
                "whiteSpace": "pre-line",
              }
            }
          >
            +1.000.000USD
          </p>
          <hr
            className="mx-auto my-bg-black text-center"
          />
        </div>
      </div>
    </div>
  </div>,
  <div
    className="container-fluid"
  >
    <div
      className=""
    >
      <div
        className="stats"
      >
        <div
          className="item-card"
        >
          <h4>
            0
          </h4>
          <p>
            Sectors
          </p>
        </div>
        <div
          className="stat-item"
        >
          <h4>
            0
          </h4>
          <p>
            Industries
          </p>
        </div>
        <div
          className="stat-item"
        >
          <h4>
            0
          </h4>
          <p>
            Companies
          </p>
        </div>
        <div
          className="stat-item"
        >
          <h4>
            0
          </h4>
          <p>
            Countries
          </p>
        </div>
      </div>
    </div>
    <div>
      <div
        className="bg-blue item-card row"
      >
        <div>
          <h2
            className="bg-blue"
          >
            List of countries
          </h2>
        </div>
      </div>
    </div>
  </div>,
]
`;
